<html>
<body>
<pre>
<h1>µVision Build Log</h1>
<h2>Tool Versions:</h2>
IDE-Version: ¦ÌVision V5.20.0.0
Copyright (C) 2016 ARM Ltd and ARM Germany GmbH. All rights reserved.
License Information: ARM ARM, ARM, LIC=21E4T-RTIE2-560Q2-93AXT-C9LM9-6AGG6
 
Tool Versions:
Toolchain:       MDK-ARM Plus  Version: 5.20
Toolchain Path:  D:\Program Files\Keil_v5\ARM\ARMCC\Bin
C Compiler:      Armcc.exe V5.06 update 2 (build 183)
Assembler:       Armasm.exe V5.06 update 2 (build 183)
Linker/Locator:  ArmLink.exe V5.06 update 2 (build 183)
Library Manager: ArmAr.exe V5.06 update 2 (build 183)
Hex Converter:   FromElf.exe V5.06 update 2 (build 183)
CPU DLL:         SARMCM3.DLL V5.20
Dialog DLL:      DCM.DLL V1.13.7.0
Target DLL:      Segger\JL2CM3.dll V2.99.20.0
Dialog DLL:      TCM.DLL V1.14.9.0
 
<h2>Project:</h2>
D:\GitHub_Repo\STM32CubeMX_Project\06_SVPWM_TEST\MDK-ARM\06_SVPWM_TEST.uvprojx
Project File Date:  01/02/2026

<h2>Output:</h2>
*** Using Compiler 'V5.06 update 2 (build 183)', folder: 'D:\Program Files\Keil_v5\ARM\ARMCC\Bin'
Build target '06_SVPWM_TEST'
compiling main.c...
compiling foc_motor_control.c...
linking...
Program Size: Code=16196 RO-data=2608 RW-data=40 ZI-data=2112  
FromELF: creating hex file...
"06_SVPWM_TEST\06_SVPWM_TEST.axf" - 0 Error(s), 0 Warning(s).

<h2>Software Packages used:</h2>

Package Vendor: ARM
                http://www.keil.com/pack/ARM.CMSIS.4.5.0.pack
                ARM::CMSIS:CORE:4.3.0
                CMSIS (Cortex Microcontroller Software Interface Standard)
   * Component: CORE Version: 4.3.0

<h2>Collection of Component include folders:</h2>
  D:\GitHub_Repo\STM32CubeMX_Project\06_SVPWM_TEST\MDK-ARM\RTE
  D:\Program Files\Keil_v5\ARM\PACK\ARM\CMSIS\4.5.0\CMSIS\Include
  D:\Program Files\Keil_v5\ARM\PACK\Keil\STM32F1xx_DFP\2.4.1\Device\Include

<h2>Collection of Component Files used:</h2>

   * Component: ARM::CMSIS:CORE:4.3.0
Build Time Elapsed:  00:00:01
</pre>
</body>
</html>
