Component: ARM Compiler 5.05 update 1 (build 106) Tool: armlink [4d0efa]

==============================================================================

Section Cross References

    startup_stm32f103xe.o(STACK) refers (Special) to heapauxi.o(.text) for __use_two_region_memory
    startup_stm32f103xe.o(HEAP) refers (Special) to heapauxi.o(.text) for __use_two_region_memory
    startup_stm32f103xe.o(RESET) refers (Special) to heapauxi.o(.text) for __use_two_region_memory
    startup_stm32f103xe.o(RESET) refers to startup_stm32f103xe.o(STACK) for __initial_sp
    startup_stm32f103xe.o(RESET) refers to startup_stm32f103xe.o(.text) for Reset_Handler
    startup_stm32f103xe.o(RESET) refers to stm32f1xx_it.o(i.NMI_Handler) for NMI_Handler
    startup_stm32f103xe.o(RESET) refers to stm32f1xx_it.o(i.HardFault_Handler) for HardFault_Handler
    startup_stm32f103xe.o(RESET) refers to stm32f1xx_it.o(i.MemManage_Handler) for MemManage_Handler
    startup_stm32f103xe.o(RESET) refers to stm32f1xx_it.o(i.BusFault_Handler) for BusFault_Handler
    startup_stm32f103xe.o(RESET) refers to stm32f1xx_it.o(i.UsageFault_Handler) for UsageFault_Handler
    startup_stm32f103xe.o(RESET) refers to stm32f1xx_it.o(i.SVC_Handler) for SVC_Handler
    startup_stm32f103xe.o(RESET) refers to stm32f1xx_it.o(i.DebugMon_Handler) for DebugMon_Handler
    startup_stm32f103xe.o(RESET) refers to stm32f1xx_it.o(i.PendSV_Handler) for PendSV_Handler
    startup_stm32f103xe.o(RESET) refers to stm32f1xx_it.o(i.SysTick_Handler) for SysTick_Handler
    startup_stm32f103xe.o(RESET) refers to stm32f1xx_it.o(i.EXTI0_IRQHandler) for EXTI0_IRQHandler
    startup_stm32f103xe.o(RESET) refers to stm32f1xx_it.o(i.EXTI2_IRQHandler) for EXTI2_IRQHandler
    startup_stm32f103xe.o(RESET) refers to stm32f1xx_it.o(i.EXTI3_IRQHandler) for EXTI3_IRQHandler
    startup_stm32f103xe.o(RESET) refers to stm32f1xx_it.o(i.EXTI4_IRQHandler) for EXTI4_IRQHandler
    startup_stm32f103xe.o(RESET) refers to stm32f1xx_it.o(i.TIM6_IRQHandler) for TIM6_IRQHandler
    startup_stm32f103xe.o(.text) refers (Special) to heapauxi.o(.text) for __use_two_region_memory
    startup_stm32f103xe.o(.text) refers to system_stm32f1xx.o(i.SystemInit) for SystemInit
    startup_stm32f103xe.o(.text) refers to __main.o(!!!main) for __main
    startup_stm32f103xe.o(.text) refers to startup_stm32f103xe.o(HEAP) for Heap_Mem
    startup_stm32f103xe.o(.text) refers to startup_stm32f103xe.o(STACK) for Stack_Mem
    main.o(i.SystemClock_Config) refers to stm32f1xx_ll_utils.o(i.LL_Init1msTick) for LL_Init1msTick
    main.o(i.SystemClock_Config) refers to stm32f1xx_ll_utils.o(i.LL_SetSystemCoreClock) for LL_SetSystemCoreClock
    main.o(i.main) refers to main.o(i.SystemClock_Config) for SystemClock_Config
    main.o(i.main) refers to gpio.o(i.MX_GPIO_Init) for MX_GPIO_Init
    main.o(i.main) refers to tim.o(i.MX_TIM6_Init) for MX_TIM6_Init
    gpio.o(i.MX_GPIO_Init) refers to rt_memclr_w.o(.text) for __aeabi_memclr4
    gpio.o(i.MX_GPIO_Init) refers to gpio.o(i.LL_APB2_GRP1_EnableClock) for LL_APB2_GRP1_EnableClock
    gpio.o(i.MX_GPIO_Init) refers to gpio.o(i.LL_GPIO_AF_SetEXTISource) for LL_GPIO_AF_SetEXTISource
    gpio.o(i.MX_GPIO_Init) refers to stm32f1xx_ll_exti.o(i.LL_EXTI_Init) for LL_EXTI_Init
    gpio.o(i.MX_GPIO_Init) refers to gpio.o(i.LL_GPIO_SetPinPull) for LL_GPIO_SetPinPull
    gpio.o(i.MX_GPIO_Init) refers to gpio.o(i.LL_GPIO_SetPinMode) for LL_GPIO_SetPinMode
    gpio.o(i.MX_GPIO_Init) refers to stm32f1xx_ll_gpio.o(i.LL_GPIO_Init) for LL_GPIO_Init
    gpio.o(i.MX_GPIO_Init) refers to gpio.o(i.__NVIC_GetPriorityGrouping) for __NVIC_GetPriorityGrouping
    gpio.o(i.MX_GPIO_Init) refers to gpio.o(i.NVIC_EncodePriority) for NVIC_EncodePriority
    gpio.o(i.MX_GPIO_Init) refers to gpio.o(i.__NVIC_SetPriority) for __NVIC_SetPriority
    gpio.o(i.MX_GPIO_Init) refers to gpio.o(i.__NVIC_EnableIRQ) for __NVIC_EnableIRQ
    tim.o(i.MX_TIM6_Init) refers to rt_memclr_w.o(.text) for __aeabi_memclr4
    tim.o(i.MX_TIM6_Init) refers to stm32f1xx_ll_tim.o(i.LL_TIM_Init) for LL_TIM_Init
    stm32f1xx_it.o(i.EXTI0_IRQHandler) refers to stm32f1xx_it.o(i.LL_EXTI_IsActiveFlag_0_31) for LL_EXTI_IsActiveFlag_0_31
    stm32f1xx_it.o(i.EXTI0_IRQHandler) refers to stm32f1xx_it.o(i.LL_GPIO_TogglePin) for LL_GPIO_TogglePin
    stm32f1xx_it.o(i.EXTI2_IRQHandler) refers to stm32f1xx_it.o(i.LL_EXTI_IsActiveFlag_0_31) for LL_EXTI_IsActiveFlag_0_31
    stm32f1xx_it.o(i.EXTI2_IRQHandler) refers to stm32f1xx_it.o(i.LL_GPIO_TogglePin) for LL_GPIO_TogglePin
    stm32f1xx_it.o(i.EXTI3_IRQHandler) refers to stm32f1xx_it.o(i.LL_EXTI_IsActiveFlag_0_31) for LL_EXTI_IsActiveFlag_0_31
    stm32f1xx_it.o(i.EXTI3_IRQHandler) refers to stm32f1xx_it.o(i.LL_GPIO_TogglePin) for LL_GPIO_TogglePin
    stm32f1xx_it.o(i.EXTI4_IRQHandler) refers to stm32f1xx_it.o(i.LL_EXTI_IsActiveFlag_0_31) for LL_EXTI_IsActiveFlag_0_31
    stm32f1xx_it.o(i.EXTI4_IRQHandler) refers to stm32f1xx_it.o(i.LL_GPIO_TogglePin) for LL_GPIO_TogglePin
    stm32f1xx_it.o(i.TIM6_IRQHandler) refers to stm32f1xx_it.o(i.LL_GPIO_TogglePin) for LL_GPIO_TogglePin
    stm32f1xx_ll_gpio.o(i.LL_GPIO_DeInit) refers to stm32f1xx_ll_gpio.o(i.LL_APB2_GRP1_ForceReset) for LL_APB2_GRP1_ForceReset
    stm32f1xx_ll_gpio.o(i.LL_GPIO_DeInit) refers to stm32f1xx_ll_gpio.o(i.LL_APB2_GRP1_ReleaseReset) for LL_APB2_GRP1_ReleaseReset
    stm32f1xx_ll_tim.o(i.LL_TIM_DeInit) refers to stm32f1xx_ll_tim.o(i.LL_APB1_GRP1_ForceReset) for LL_APB1_GRP1_ForceReset
    stm32f1xx_ll_tim.o(i.LL_TIM_DeInit) refers to stm32f1xx_ll_tim.o(i.LL_APB1_GRP1_ReleaseReset) for LL_APB1_GRP1_ReleaseReset
    stm32f1xx_ll_dma.o(i.LL_DMA_Init) refers to stm32f1xx_ll_dma.o(.constdata) for .constdata
    stm32f1xx_ll_rcc.o(i.LL_RCC_GetADCClockFreq) refers to stm32f1xx_ll_rcc.o(i.RCC_GetSystemClockFreq) for RCC_GetSystemClockFreq
    stm32f1xx_ll_rcc.o(i.LL_RCC_GetADCClockFreq) refers to stm32f1xx_ll_rcc.o(i.RCC_GetHCLKClockFreq) for RCC_GetHCLKClockFreq
    stm32f1xx_ll_rcc.o(i.LL_RCC_GetADCClockFreq) refers to stm32f1xx_ll_rcc.o(i.RCC_GetPCLK2ClockFreq) for RCC_GetPCLK2ClockFreq
    stm32f1xx_ll_rcc.o(i.LL_RCC_GetSystemClocksFreq) refers to stm32f1xx_ll_rcc.o(i.RCC_GetSystemClockFreq) for RCC_GetSystemClockFreq
    stm32f1xx_ll_rcc.o(i.LL_RCC_GetSystemClocksFreq) refers to stm32f1xx_ll_rcc.o(i.RCC_GetHCLKClockFreq) for RCC_GetHCLKClockFreq
    stm32f1xx_ll_rcc.o(i.LL_RCC_GetSystemClocksFreq) refers to stm32f1xx_ll_rcc.o(i.RCC_GetPCLK1ClockFreq) for RCC_GetPCLK1ClockFreq
    stm32f1xx_ll_rcc.o(i.LL_RCC_GetSystemClocksFreq) refers to stm32f1xx_ll_rcc.o(i.RCC_GetPCLK2ClockFreq) for RCC_GetPCLK2ClockFreq
    stm32f1xx_ll_rcc.o(i.LL_RCC_GetUSBClockFreq) refers to stm32f1xx_ll_rcc.o(i.RCC_PLL_GetFreqDomain_SYS) for RCC_PLL_GetFreqDomain_SYS
    stm32f1xx_ll_rcc.o(i.RCC_GetHCLKClockFreq) refers to system_stm32f1xx.o(.constdata) for AHBPrescTable
    stm32f1xx_ll_rcc.o(i.RCC_GetPCLK1ClockFreq) refers to system_stm32f1xx.o(.constdata) for APBPrescTable
    stm32f1xx_ll_rcc.o(i.RCC_GetPCLK2ClockFreq) refers to system_stm32f1xx.o(.constdata) for APBPrescTable
    stm32f1xx_ll_rcc.o(i.RCC_GetSystemClockFreq) refers to stm32f1xx_ll_rcc.o(i.RCC_PLL_GetFreqDomain_SYS) for RCC_PLL_GetFreqDomain_SYS
    stm32f1xx_ll_utils.o(i.LL_PLL_ConfigSystemClock_HSE) refers to stm32f1xx_ll_utils.o(i.UTILS_GetPLLOutputFrequency) for UTILS_GetPLLOutputFrequency
    stm32f1xx_ll_utils.o(i.LL_PLL_ConfigSystemClock_HSE) refers to stm32f1xx_ll_utils.o(i.UTILS_PLL_IsBusy) for UTILS_PLL_IsBusy
    stm32f1xx_ll_utils.o(i.LL_PLL_ConfigSystemClock_HSE) refers to stm32f1xx_ll_utils.o(i.LL_RCC_PLL_ConfigDomain_SYS) for LL_RCC_PLL_ConfigDomain_SYS
    stm32f1xx_ll_utils.o(i.LL_PLL_ConfigSystemClock_HSE) refers to stm32f1xx_ll_utils.o(i.UTILS_EnablePLLAndSwitchSystem) for UTILS_EnablePLLAndSwitchSystem
    stm32f1xx_ll_utils.o(i.LL_PLL_ConfigSystemClock_HSI) refers to stm32f1xx_ll_utils.o(i.UTILS_PLL_IsBusy) for UTILS_PLL_IsBusy
    stm32f1xx_ll_utils.o(i.LL_PLL_ConfigSystemClock_HSI) refers to stm32f1xx_ll_utils.o(i.UTILS_GetPLLOutputFrequency) for UTILS_GetPLLOutputFrequency
    stm32f1xx_ll_utils.o(i.LL_PLL_ConfigSystemClock_HSI) refers to stm32f1xx_ll_utils.o(i.LL_RCC_PLL_ConfigDomain_SYS) for LL_RCC_PLL_ConfigDomain_SYS
    stm32f1xx_ll_utils.o(i.LL_PLL_ConfigSystemClock_HSI) refers to stm32f1xx_ll_utils.o(i.UTILS_EnablePLLAndSwitchSystem) for UTILS_EnablePLLAndSwitchSystem
    stm32f1xx_ll_utils.o(i.LL_SetSystemCoreClock) refers to system_stm32f1xx.o(.data) for SystemCoreClock
    stm32f1xx_ll_utils.o(i.UTILS_EnablePLLAndSwitchSystem) refers to stm32f1xx_ll_utils.o(i.LL_SetFlashLatency) for LL_SetFlashLatency
    stm32f1xx_ll_utils.o(i.UTILS_EnablePLLAndSwitchSystem) refers to system_stm32f1xx.o(.constdata) for AHBPrescTable
    stm32f1xx_ll_utils.o(i.UTILS_EnablePLLAndSwitchSystem) refers to system_stm32f1xx.o(.data) for SystemCoreClock
    system_stm32f1xx.o(i.SystemCoreClockUpdate) refers to system_stm32f1xx.o(.data) for .data
    system_stm32f1xx.o(i.SystemCoreClockUpdate) refers to system_stm32f1xx.o(.constdata) for .constdata
    __main.o(!!!main) refers to __rtentry.o(.ARM.Collect$$rtentry$$00000000) for __rt_entry
    __rtentry.o(.ARM.Collect$$rtentry$$00000000) refers (Special) to __rtentry2.o(.ARM.Collect$$rtentry$$0000000A) for __rt_entry_li
    __rtentry.o(.ARM.Collect$$rtentry$$00000000) refers (Special) to __rtentry2.o(.ARM.Collect$$rtentry$$0000000D) for __rt_entry_main
    __rtentry.o(.ARM.Collect$$rtentry$$00000000) refers (Special) to __rtentry2.o(.ARM.Collect$$rtentry$$0000000C) for __rt_entry_postli_1
    __rtentry.o(.ARM.Collect$$rtentry$$00000000) refers (Special) to __rtentry2.o(.ARM.Collect$$rtentry$$00000009) for __rt_entry_postsh_1
    __rtentry.o(.ARM.Collect$$rtentry$$00000000) refers (Special) to __rtentry2.o(.ARM.Collect$$rtentry$$00000002) for __rt_entry_presh_1
    __rtentry.o(.ARM.Collect$$rtentry$$00000000) refers (Special) to __rtentry4.o(.ARM.Collect$$rtentry$$00000004) for __rt_entry_sh
    __rtentry2.o(.ARM.Collect$$rtentry$$00000008) refers to boardinit2.o(.text) for _platform_post_stackheap_init
    __rtentry2.o(.ARM.Collect$$rtentry$$0000000A) refers to libinit.o(.ARM.Collect$$libinit$$00000000) for __rt_lib_init
    __rtentry2.o(.ARM.Collect$$rtentry$$0000000B) refers to boardinit3.o(.text) for _platform_post_lib_init
    __rtentry2.o(.ARM.Collect$$rtentry$$0000000D) refers to main.o(i.main) for main
    __rtentry2.o(.ARM.Collect$$rtentry$$0000000D) refers to exit.o(.text) for exit
    __rtentry2.o(.ARM.exidx) refers to __rtentry2.o(.ARM.Collect$$rtentry$$00000001) for .ARM.Collect$$rtentry$$00000001
    __rtentry2.o(.ARM.exidx) refers to __rtentry2.o(.ARM.Collect$$rtentry$$00000008) for .ARM.Collect$$rtentry$$00000008
    __rtentry2.o(.ARM.exidx) refers to __rtentry2.o(.ARM.Collect$$rtentry$$0000000A) for .ARM.Collect$$rtentry$$0000000A
    __rtentry2.o(.ARM.exidx) refers to __rtentry2.o(.ARM.Collect$$rtentry$$0000000B) for .ARM.Collect$$rtentry$$0000000B
    __rtentry2.o(.ARM.exidx) refers to __rtentry2.o(.ARM.Collect$$rtentry$$0000000D) for .ARM.Collect$$rtentry$$0000000D
    __rtentry4.o(.ARM.Collect$$rtentry$$00000004) refers to sys_stackheap_outer.o(.text) for __user_setup_stackheap
    __rtentry4.o(.ARM.exidx) refers to __rtentry4.o(.ARM.Collect$$rtentry$$00000004) for .ARM.Collect$$rtentry$$00000004
    sys_stackheap_outer.o(.text) refers to libspace.o(.text) for __user_perproc_libspace
    sys_stackheap_outer.o(.text) refers to startup_stm32f103xe.o(.text) for __user_initial_stackheap
    exit.o(.text) refers to rtexit.o(.ARM.Collect$$rtexit$$00000000) for __rt_exit
    libinit.o(.ARM.Collect$$libinit$$00000000) refers (Special) to libinit2.o(.ARM.Collect$$libinit$$0000002E) for __rt_lib_init_alloca_1
    libinit.o(.ARM.Collect$$libinit$$00000000) refers (Special) to libinit2.o(.ARM.Collect$$libinit$$0000002C) for __rt_lib_init_argv_1
    libinit.o(.ARM.Collect$$libinit$$00000000) refers (Special) to libinit2.o(.ARM.Collect$$libinit$$0000001B) for __rt_lib_init_atexit_1
    libinit.o(.ARM.Collect$$libinit$$00000000) refers (Special) to libinit2.o(.ARM.Collect$$libinit$$00000021) for __rt_lib_init_clock_1
    libinit.o(.ARM.Collect$$libinit$$00000000) refers (Special) to libinit2.o(.ARM.Collect$$libinit$$00000032) for __rt_lib_init_cpp_1
    libinit.o(.ARM.Collect$$libinit$$00000000) refers (Special) to libinit2.o(.ARM.Collect$$libinit$$00000030) for __rt_lib_init_exceptions_1
    libinit.o(.ARM.Collect$$libinit$$00000000) refers (Special) to libinit2.o(.ARM.Collect$$libinit$$00000002) for __rt_lib_init_fp_1
    libinit.o(.ARM.Collect$$libinit$$00000000) refers (Special) to libinit2.o(.ARM.Collect$$libinit$$0000001F) for __rt_lib_init_fp_trap_1
    libinit.o(.ARM.Collect$$libinit$$00000000) refers (Special) to libinit2.o(.ARM.Collect$$libinit$$00000023) for __rt_lib_init_getenv_1
    libinit.o(.ARM.Collect$$libinit$$00000000) refers (Special) to libinit2.o(.ARM.Collect$$libinit$$0000000A) for __rt_lib_init_heap_1
    libinit.o(.ARM.Collect$$libinit$$00000000) refers (Special) to libinit2.o(.ARM.Collect$$libinit$$00000011) for __rt_lib_init_lc_collate_1
    libinit.o(.ARM.Collect$$libinit$$00000000) refers (Special) to libinit2.o(.ARM.Collect$$libinit$$00000013) for __rt_lib_init_lc_ctype_1
    libinit.o(.ARM.Collect$$libinit$$00000000) refers (Special) to libinit2.o(.ARM.Collect$$libinit$$00000015) for __rt_lib_init_lc_monetary_1
    libinit.o(.ARM.Collect$$libinit$$00000000) refers (Special) to libinit2.o(.ARM.Collect$$libinit$$00000017) for __rt_lib_init_lc_numeric_1
    libinit.o(.ARM.Collect$$libinit$$00000000) refers (Special) to libinit2.o(.ARM.Collect$$libinit$$00000019) for __rt_lib_init_lc_time_1
    libinit.o(.ARM.Collect$$libinit$$00000000) refers (Special) to libinit2.o(.ARM.Collect$$libinit$$00000004) for __rt_lib_init_preinit_1
    libinit.o(.ARM.Collect$$libinit$$00000000) refers (Special) to libinit2.o(.ARM.Collect$$libinit$$0000000E) for __rt_lib_init_rand_1
    libinit.o(.ARM.Collect$$libinit$$00000000) refers (Special) to libinit2.o(.ARM.Collect$$libinit$$00000033) for __rt_lib_init_return
    libinit.o(.ARM.Collect$$libinit$$00000000) refers (Special) to libinit2.o(.ARM.Collect$$libinit$$0000001D) for __rt_lib_init_signal_1
    libinit.o(.ARM.Collect$$libinit$$00000000) refers (Special) to libinit2.o(.ARM.Collect$$libinit$$00000025) for __rt_lib_init_stdio_1
    libinit.o(.ARM.Collect$$libinit$$00000000) refers (Special) to libinit2.o(.ARM.Collect$$libinit$$0000000C) for __rt_lib_init_user_alloc_1
    libspace.o(.text) refers to libspace.o(.bss) for __libspace_start
    rtexit.o(.ARM.Collect$$rtexit$$00000000) refers (Special) to rtexit2.o(.ARM.Collect$$rtexit$$00000004) for __rt_exit_exit
    rtexit.o(.ARM.Collect$$rtexit$$00000000) refers (Special) to rtexit2.o(.ARM.Collect$$rtexit$$00000003) for __rt_exit_ls
    rtexit.o(.ARM.Collect$$rtexit$$00000000) refers (Special) to rtexit2.o(.ARM.Collect$$rtexit$$00000002) for __rt_exit_prels_1
    rtexit.o(.ARM.exidx) refers (Special) to rtexit2.o(.ARM.Collect$$rtexit$$00000004) for __rt_exit_exit
    rtexit.o(.ARM.exidx) refers (Special) to rtexit2.o(.ARM.Collect$$rtexit$$00000003) for __rt_exit_ls
    rtexit.o(.ARM.exidx) refers (Special) to rtexit2.o(.ARM.Collect$$rtexit$$00000002) for __rt_exit_prels_1
    rtexit.o(.ARM.exidx) refers to rtexit.o(.ARM.Collect$$rtexit$$00000000) for .ARM.Collect$$rtexit$$00000000
    libinit2.o(.ARM.Collect$$libinit$$00000010) refers to libinit2.o(.ARM.Collect$$libinit$$0000000F) for .ARM.Collect$$libinit$$0000000F
    libinit2.o(.ARM.Collect$$libinit$$00000012) refers to libinit2.o(.ARM.Collect$$libinit$$0000000F) for .ARM.Collect$$libinit$$0000000F
    libinit2.o(.ARM.Collect$$libinit$$00000014) refers to libinit2.o(.ARM.Collect$$libinit$$0000000F) for .ARM.Collect$$libinit$$0000000F
    libinit2.o(.ARM.Collect$$libinit$$00000016) refers to libinit2.o(.ARM.Collect$$libinit$$0000000F) for .ARM.Collect$$libinit$$0000000F
    libinit2.o(.ARM.Collect$$libinit$$00000018) refers to libinit2.o(.ARM.Collect$$libinit$$0000000F) for .ARM.Collect$$libinit$$0000000F
    libinit2.o(.ARM.Collect$$libinit$$00000026) refers to argv_veneer.o(.emb_text) for __ARM_argv_veneer
    libinit2.o(.ARM.Collect$$libinit$$00000027) refers to argv_veneer.o(.emb_text) for __ARM_argv_veneer
    rtexit2.o(.ARM.Collect$$rtexit$$00000003) refers to libshutdown.o(.ARM.Collect$$libshutdown$$00000000) for __rt_lib_shutdown
    rtexit2.o(.ARM.Collect$$rtexit$$00000004) refers to sys_exit.o(.text) for _sys_exit
    rtexit2.o(.ARM.exidx) refers to rtexit2.o(.ARM.Collect$$rtexit$$00000001) for .ARM.Collect$$rtexit$$00000001
    rtexit2.o(.ARM.exidx) refers to rtexit2.o(.ARM.Collect$$rtexit$$00000003) for .ARM.Collect$$rtexit$$00000003
    rtexit2.o(.ARM.exidx) refers to rtexit2.o(.ARM.Collect$$rtexit$$00000004) for .ARM.Collect$$rtexit$$00000004
    argv_veneer.o(.emb_text) refers to no_argv.o(.text) for __ARM_get_argv
    sys_exit.o(.text) refers (Special) to use_no_semi.o(.text) for __I$use$semihosting
    sys_exit.o(.text) refers (Special) to indicate_semi.o(.text) for __semihosting_library_function
    _get_argv_nomalloc.o(.text) refers (Special) to hrguard.o(.text) for __heap_region$guard
    _get_argv_nomalloc.o(.text) refers to defsig_rtmem_outer.o(.text) for __rt_SIGRTMEM
    _get_argv_nomalloc.o(.text) refers to sys_command.o(.text) for _sys_command_string
    libshutdown.o(.ARM.Collect$$libshutdown$$00000000) refers (Special) to libshutdown2.o(.ARM.Collect$$libshutdown$$00000006) for __rt_lib_shutdown_fp_trap_1
    libshutdown.o(.ARM.Collect$$libshutdown$$00000000) refers (Special) to libshutdown2.o(.ARM.Collect$$libshutdown$$0000000E) for __rt_lib_shutdown_heap_1
    libshutdown.o(.ARM.Collect$$libshutdown$$00000000) refers (Special) to libshutdown2.o(.ARM.Collect$$libshutdown$$0000000F) for __rt_lib_shutdown_return
    libshutdown.o(.ARM.Collect$$libshutdown$$00000000) refers (Special) to libshutdown2.o(.ARM.Collect$$libshutdown$$00000009) for __rt_lib_shutdown_signal_1
    libshutdown.o(.ARM.Collect$$libshutdown$$00000000) refers (Special) to libshutdown2.o(.ARM.Collect$$libshutdown$$00000003) for __rt_lib_shutdown_stdio_1
    libshutdown.o(.ARM.Collect$$libshutdown$$00000000) refers (Special) to libshutdown2.o(.ARM.Collect$$libshutdown$$0000000B) for __rt_lib_shutdown_user_alloc_1
    sys_command.o(.text) refers (Special) to use_no_semi.o(.text) for __I$use$semihosting
    sys_command.o(.text) refers (Special) to indicate_semi.o(.text) for __semihosting_library_function
    defsig_rtmem_outer.o(.text) refers to defsig_rtmem_inner.o(.text) for __rt_SIGRTMEM_inner
    defsig_rtmem_outer.o(.text) refers to defsig_exit.o(.text) for __sig_exit
    defsig_rtmem_formal.o(.text) refers to rt_raise.o(.text) for __rt_raise
    rt_raise.o(.text) refers to __raise.o(.text) for __raise
    rt_raise.o(.text) refers to sys_exit.o(.text) for _sys_exit
    defsig_exit.o(.text) refers to sys_exit.o(.text) for _sys_exit
    defsig_rtmem_inner.o(.text) refers to defsig_general.o(.text) for __default_signal_display
    __raise.o(.text) refers to defsig.o(CL$$defsig) for __default_signal_handler
    defsig_general.o(.text) refers to sys_wrch.o(.text) for _ttywrch
    sys_wrch.o(.text) refers (Special) to use_no_semi.o(.text) for __I$use$semihosting
    sys_wrch.o(.text) refers (Special) to indicate_semi.o(.text) for __semihosting_library_function
    defsig.o(CL$$defsig) refers to defsig_rtmem_inner.o(.text) for __rt_SIGRTMEM_inner
    defsig_abrt_inner.o(.text) refers to defsig_general.o(.text) for __default_signal_display
    defsig_fpe_inner.o(.text) refers to defsig_general.o(.text) for __default_signal_display
    defsig_rtred_inner.o(.text) refers to defsig_general.o(.text) for __default_signal_display
    defsig_stak_inner.o(.text) refers to defsig_general.o(.text) for __default_signal_display
    defsig_pvfn_inner.o(.text) refers to defsig_general.o(.text) for __default_signal_display
    defsig_cppl_inner.o(.text) refers to defsig_general.o(.text) for __default_signal_display
    defsig_segv_inner.o(.text) refers to defsig_general.o(.text) for __default_signal_display
    defsig_other.o(.text) refers to defsig_general.o(.text) for __default_signal_display


==============================================================================

Removing Unused input sections from the image.

    Removing main.o(.rev16_text), (4 bytes).
    Removing main.o(.revsh_text), (4 bytes).
    Removing main.o(.rrx_text), (6 bytes).
    Removing main.o(i.Error_Handler), (4 bytes).
    Removing gpio.o(.rev16_text), (4 bytes).
    Removing gpio.o(.revsh_text), (4 bytes).
    Removing gpio.o(.rrx_text), (6 bytes).
    Removing tim.o(.rev16_text), (4 bytes).
    Removing tim.o(.revsh_text), (4 bytes).
    Removing tim.o(.rrx_text), (6 bytes).
    Removing stm32f1xx_it.o(.rev16_text), (4 bytes).
    Removing stm32f1xx_it.o(.revsh_text), (4 bytes).
    Removing stm32f1xx_it.o(.rrx_text), (6 bytes).
    Removing stm32f1xx_ll_gpio.o(.rev16_text), (4 bytes).
    Removing stm32f1xx_ll_gpio.o(.revsh_text), (4 bytes).
    Removing stm32f1xx_ll_gpio.o(.rrx_text), (6 bytes).
    Removing stm32f1xx_ll_gpio.o(i.LL_APB2_GRP1_ForceReset), (16 bytes).
    Removing stm32f1xx_ll_gpio.o(i.LL_APB2_GRP1_ReleaseReset), (16 bytes).
    Removing stm32f1xx_ll_gpio.o(i.LL_GPIO_DeInit), (156 bytes).
    Removing stm32f1xx_ll_gpio.o(i.LL_GPIO_StructInit), (22 bytes).
    Removing stm32f1xx_ll_pwr.o(.rev16_text), (4 bytes).
    Removing stm32f1xx_ll_pwr.o(.revsh_text), (4 bytes).
    Removing stm32f1xx_ll_pwr.o(.rrx_text), (6 bytes).
    Removing stm32f1xx_ll_pwr.o(i.LL_PWR_DeInit), (28 bytes).
    Removing stm32f1xx_ll_exti.o(.rev16_text), (4 bytes).
    Removing stm32f1xx_ll_exti.o(.revsh_text), (4 bytes).
    Removing stm32f1xx_ll_exti.o(.rrx_text), (6 bytes).
    Removing stm32f1xx_ll_exti.o(i.LL_EXTI_DeInit), (40 bytes).
    Removing stm32f1xx_ll_exti.o(i.LL_EXTI_StructInit), (14 bytes).
    Removing stm32f1xx_ll_tim.o(.rev16_text), (4 bytes).
    Removing stm32f1xx_ll_tim.o(.revsh_text), (4 bytes).
    Removing stm32f1xx_ll_tim.o(.rrx_text), (6 bytes).
    Removing stm32f1xx_ll_tim.o(i.LL_APB1_GRP1_ForceReset), (16 bytes).
    Removing stm32f1xx_ll_tim.o(i.LL_APB1_GRP1_ReleaseReset), (16 bytes).
    Removing stm32f1xx_ll_tim.o(i.LL_TIM_BDTR_Init), (52 bytes).
    Removing stm32f1xx_ll_tim.o(i.LL_TIM_BDTR_StructInit), (18 bytes).
    Removing stm32f1xx_ll_tim.o(i.LL_TIM_DeInit), (192 bytes).
    Removing stm32f1xx_ll_tim.o(i.LL_TIM_ENCODER_Init), (96 bytes).
    Removing stm32f1xx_ll_tim.o(i.LL_TIM_ENCODER_StructInit), (28 bytes).
    Removing stm32f1xx_ll_tim.o(i.LL_TIM_HALLSENSOR_Init), (86 bytes).
    Removing stm32f1xx_ll_tim.o(i.LL_TIM_HALLSENSOR_StructInit), (12 bytes).
    Removing stm32f1xx_ll_tim.o(i.LL_TIM_IC_Init), (224 bytes).
    Removing stm32f1xx_ll_tim.o(i.LL_TIM_IC_StructInit), (16 bytes).
    Removing stm32f1xx_ll_tim.o(i.LL_TIM_OC_Init), (456 bytes).
    Removing stm32f1xx_ll_tim.o(i.LL_TIM_OC_StructInit), (20 bytes).
    Removing stm32f1xx_ll_tim.o(i.LL_TIM_StructInit), (16 bytes).
    Removing stm32f1xx_ll_dma.o(.rev16_text), (4 bytes).
    Removing stm32f1xx_ll_dma.o(.revsh_text), (4 bytes).
    Removing stm32f1xx_ll_dma.o(.rrx_text), (6 bytes).
    Removing stm32f1xx_ll_dma.o(i.LL_DMA_DeInit), (228 bytes).
    Removing stm32f1xx_ll_dma.o(i.LL_DMA_Init), (92 bytes).
    Removing stm32f1xx_ll_dma.o(i.LL_DMA_StructInit), (24 bytes).
    Removing stm32f1xx_ll_dma.o(.constdata), (7 bytes).
    Removing stm32f1xx_ll_rcc.o(.rev16_text), (4 bytes).
    Removing stm32f1xx_ll_rcc.o(.revsh_text), (4 bytes).
    Removing stm32f1xx_ll_rcc.o(.rrx_text), (6 bytes).
    Removing stm32f1xx_ll_rcc.o(i.LL_RCC_DeInit), (96 bytes).
    Removing stm32f1xx_ll_rcc.o(i.LL_RCC_GetADCClockFreq), (48 bytes).
    Removing stm32f1xx_ll_rcc.o(i.LL_RCC_GetSystemClocksFreq), (32 bytes).
    Removing stm32f1xx_ll_rcc.o(i.LL_RCC_GetUSBClockFreq), (56 bytes).
    Removing stm32f1xx_ll_rcc.o(i.RCC_GetHCLKClockFreq), (28 bytes).
    Removing stm32f1xx_ll_rcc.o(i.RCC_GetPCLK1ClockFreq), (28 bytes).
    Removing stm32f1xx_ll_rcc.o(i.RCC_GetPCLK2ClockFreq), (28 bytes).
    Removing stm32f1xx_ll_rcc.o(i.RCC_GetSystemClockFreq), (36 bytes).
    Removing stm32f1xx_ll_rcc.o(i.RCC_PLL_GetFreqDomain_SYS), (60 bytes).
    Removing stm32f1xx_ll_utils.o(.rev16_text), (4 bytes).
    Removing stm32f1xx_ll_utils.o(.revsh_text), (4 bytes).
    Removing stm32f1xx_ll_utils.o(.rrx_text), (6 bytes).
    Removing stm32f1xx_ll_utils.o(i.LL_PLL_ConfigSystemClock_HSE), (104 bytes).
    Removing stm32f1xx_ll_utils.o(i.LL_PLL_ConfigSystemClock_HSI), (88 bytes).
    Removing stm32f1xx_ll_utils.o(i.LL_RCC_PLL_ConfigDomain_SYS), (24 bytes).
    Removing stm32f1xx_ll_utils.o(i.LL_SetFlashLatency), (76 bytes).
    Removing stm32f1xx_ll_utils.o(i.LL_mDelay), (30 bytes).
    Removing stm32f1xx_ll_utils.o(i.UTILS_EnablePLLAndSwitchSystem), (172 bytes).
    Removing stm32f1xx_ll_utils.o(i.UTILS_GetPLLOutputFrequency), (24 bytes).
    Removing stm32f1xx_ll_utils.o(i.UTILS_PLL_IsBusy), (24 bytes).
    Removing system_stm32f1xx.o(.rev16_text), (4 bytes).
    Removing system_stm32f1xx.o(.revsh_text), (4 bytes).
    Removing system_stm32f1xx.o(.rrx_text), (6 bytes).
    Removing system_stm32f1xx.o(i.SystemCoreClockUpdate), (104 bytes).
    Removing system_stm32f1xx.o(.constdata), (16 bytes).
    Removing system_stm32f1xx.o(.constdata), (8 bytes).

82 unused section(s) (total 3145 bytes) removed from the image.

==============================================================================

Image Symbol Table

    Local Symbols

    Symbol Name                              Value     Ov Type        Size  Object(Section)

    ../Core/Src/gpio.c                       0x00000000   Number         0  gpio.o ABSOLUTE
    ../Core/Src/main.c                       0x00000000   Number         0  main.o ABSOLUTE
    ../Core/Src/stm32f1xx_it.c               0x00000000   Number         0  stm32f1xx_it.o ABSOLUTE
    ../Core/Src/system_stm32f1xx.c           0x00000000   Number         0  system_stm32f1xx.o ABSOLUTE
    ../Core/Src/tim.c                        0x00000000   Number         0  tim.o ABSOLUTE
    ../Drivers/STM32F1xx_HAL_Driver/Src/stm32f1xx_ll_dma.c 0x00000000   Number         0  stm32f1xx_ll_dma.o ABSOLUTE
    ../Drivers/STM32F1xx_HAL_Driver/Src/stm32f1xx_ll_exti.c 0x00000000   Number         0  stm32f1xx_ll_exti.o ABSOLUTE
    ../Drivers/STM32F1xx_HAL_Driver/Src/stm32f1xx_ll_gpio.c 0x00000000   Number         0  stm32f1xx_ll_gpio.o ABSOLUTE
    ../Drivers/STM32F1xx_HAL_Driver/Src/stm32f1xx_ll_pwr.c 0x00000000   Number         0  stm32f1xx_ll_pwr.o ABSOLUTE
    ../Drivers/STM32F1xx_HAL_Driver/Src/stm32f1xx_ll_rcc.c 0x00000000   Number         0  stm32f1xx_ll_rcc.o ABSOLUTE
    ../Drivers/STM32F1xx_HAL_Driver/Src/stm32f1xx_ll_tim.c 0x00000000   Number         0  stm32f1xx_ll_tim.o ABSOLUTE
    ../Drivers/STM32F1xx_HAL_Driver/Src/stm32f1xx_ll_utils.c 0x00000000   Number         0  stm32f1xx_ll_utils.o ABSOLUTE
    ../clib/angel/boardlib.s                 0x00000000   Number         0  boardinit1.o ABSOLUTE
    ../clib/angel/boardlib.s                 0x00000000   Number         0  boardshut.o ABSOLUTE
    ../clib/angel/boardlib.s                 0x00000000   Number         0  boardinit3.o ABSOLUTE
    ../clib/angel/boardlib.s                 0x00000000   Number         0  boardinit2.o ABSOLUTE
    ../clib/angel/handlers.s                 0x00000000   Number         0  __scatter_zi.o ABSOLUTE
    ../clib/angel/handlers.s                 0x00000000   Number         0  __scatter_copy.o ABSOLUTE
    ../clib/angel/kernel.s                   0x00000000   Number         0  __rtentry.o ABSOLUTE
    ../clib/angel/kernel.s                   0x00000000   Number         0  __rtentry2.o ABSOLUTE
    ../clib/angel/kernel.s                   0x00000000   Number         0  rtexit2.o ABSOLUTE
    ../clib/angel/kernel.s                   0x00000000   Number         0  __rtentry4.o ABSOLUTE
    ../clib/angel/kernel.s                   0x00000000   Number         0  rtexit.o ABSOLUTE
    ../clib/angel/rt.s                       0x00000000   Number         0  rt_raise.o ABSOLUTE
    ../clib/angel/scatter.s                  0x00000000   Number         0  __scatter.o ABSOLUTE
    ../clib/angel/startup.s                  0x00000000   Number         0  __main.o ABSOLUTE
    ../clib/angel/sys.s                      0x00000000   Number         0  sys_stackheap_outer.o ABSOLUTE
    ../clib/angel/sys.s                      0x00000000   Number         0  use_no_semi.o ABSOLUTE
    ../clib/angel/sys.s                      0x00000000   Number         0  libspace.o ABSOLUTE
    ../clib/angel/sys.s                      0x00000000   Number         0  indicate_semi.o ABSOLUTE
    ../clib/angel/sysapp.c                   0x00000000   Number         0  sys_wrch.o ABSOLUTE
    ../clib/angel/sysapp.c                   0x00000000   Number         0  sys_exit.o ABSOLUTE
    ../clib/angel/sysapp.c                   0x00000000   Number         0  sys_command.o ABSOLUTE
    ../clib/armsys.c                         0x00000000   Number         0  no_argv.o ABSOLUTE
    ../clib/armsys.c                         0x00000000   Number         0  argv_veneer.o ABSOLUTE
    ../clib/armsys.c                         0x00000000   Number         0  argv_veneer.o ABSOLUTE
    ../clib/armsys.c                         0x00000000   Number         0  _get_argv_nomalloc.o ABSOLUTE
    ../clib/heapalloc.c                      0x00000000   Number         0  hrguard.o ABSOLUTE
    ../clib/heapaux.c                        0x00000000   Number         0  heapauxi.o ABSOLUTE
    ../clib/libinit.s                        0x00000000   Number         0  libshutdown2.o ABSOLUTE
    ../clib/libinit.s                        0x00000000   Number         0  libinit2.o ABSOLUTE
    ../clib/libinit.s                        0x00000000   Number         0  libshutdown.o ABSOLUTE
    ../clib/libinit.s                        0x00000000   Number         0  libinit.o ABSOLUTE
    ../clib/memcpset.s                       0x00000000   Number         0  rt_memclr_w.o ABSOLUTE
    ../clib/signal.c                         0x00000000   Number         0  defsig_segv_inner.o ABSOLUTE
    ../clib/signal.c                         0x00000000   Number         0  defsig_cppl_inner.o ABSOLUTE
    ../clib/signal.c                         0x00000000   Number         0  defsig_stak_inner.o ABSOLUTE
    ../clib/signal.c                         0x00000000   Number         0  defsig_rtred_inner.o ABSOLUTE
    ../clib/signal.c                         0x00000000   Number         0  defsig_fpe_inner.o ABSOLUTE
    ../clib/signal.c                         0x00000000   Number         0  defsig_abrt_inner.o ABSOLUTE
    ../clib/signal.c                         0x00000000   Number         0  defsig_general.o ABSOLUTE
    ../clib/signal.c                         0x00000000   Number         0  __raise.o ABSOLUTE
    ../clib/signal.c                         0x00000000   Number         0  defsig_rtmem_inner.o ABSOLUTE
    ../clib/signal.c                         0x00000000   Number         0  defsig_exit.o ABSOLUTE
    ../clib/signal.c                         0x00000000   Number         0  defsig_rtmem_formal.o ABSOLUTE
    ../clib/signal.c                         0x00000000   Number         0  defsig_rtmem_outer.o ABSOLUTE
    ../clib/signal.c                         0x00000000   Number         0  defsig_pvfn_inner.o ABSOLUTE
    ../clib/signal.c                         0x00000000   Number         0  defsig_other.o ABSOLUTE
    ../clib/signal.s                         0x00000000   Number         0  defsig.o ABSOLUTE
    ../clib/stdlib.c                         0x00000000   Number         0  exit.o ABSOLUTE
    ../fplib/fpinit.s                        0x00000000   Number         0  fpinit.o ABSOLUTE
    ..\Core\Src\gpio.c                       0x00000000   Number         0  gpio.o ABSOLUTE
    ..\Core\Src\main.c                       0x00000000   Number         0  main.o ABSOLUTE
    ..\Core\Src\stm32f1xx_it.c               0x00000000   Number         0  stm32f1xx_it.o ABSOLUTE
    ..\Core\Src\system_stm32f1xx.c           0x00000000   Number         0  system_stm32f1xx.o ABSOLUTE
    ..\Core\Src\tim.c                        0x00000000   Number         0  tim.o ABSOLUTE
    ..\Drivers\STM32F1xx_HAL_Driver\Src\stm32f1xx_ll_dma.c 0x00000000   Number         0  stm32f1xx_ll_dma.o ABSOLUTE
    ..\Drivers\STM32F1xx_HAL_Driver\Src\stm32f1xx_ll_exti.c 0x00000000   Number         0  stm32f1xx_ll_exti.o ABSOLUTE
    ..\Drivers\STM32F1xx_HAL_Driver\Src\stm32f1xx_ll_gpio.c 0x00000000   Number         0  stm32f1xx_ll_gpio.o ABSOLUTE
    ..\Drivers\STM32F1xx_HAL_Driver\Src\stm32f1xx_ll_pwr.c 0x00000000   Number         0  stm32f1xx_ll_pwr.o ABSOLUTE
    ..\Drivers\STM32F1xx_HAL_Driver\Src\stm32f1xx_ll_rcc.c 0x00000000   Number         0  stm32f1xx_ll_rcc.o ABSOLUTE
    ..\Drivers\STM32F1xx_HAL_Driver\Src\stm32f1xx_ll_tim.c 0x00000000   Number         0  stm32f1xx_ll_tim.o ABSOLUTE
    ..\Drivers\STM32F1xx_HAL_Driver\Src\stm32f1xx_ll_utils.c 0x00000000   Number         0  stm32f1xx_ll_utils.o ABSOLUTE
    dc.s                                     0x00000000   Number         0  dc.o ABSOLUTE
    startup_stm32f103xe.s                    0x00000000   Number         0  startup_stm32f103xe.o ABSOLUTE
    RESET                                    0x08000000   Section      304  startup_stm32f103xe.o(RESET)
    !!!main                                  0x08000130   Section        8  __main.o(!!!main)
    !!!scatter                               0x08000138   Section       52  __scatter.o(!!!scatter)
    !!handler_copy                           0x0800016c   Section       26  __scatter_copy.o(!!handler_copy)
    !!handler_zi                             0x08000188   Section       28  __scatter_zi.o(!!handler_zi)
    .ARM.Collect$$libinit$$00000000          0x080001a4   Section        2  libinit.o(.ARM.Collect$$libinit$$00000000)
    .ARM.Collect$$libinit$$00000002          0x080001a6   Section        0  libinit2.o(.ARM.Collect$$libinit$$00000002)
    .ARM.Collect$$libinit$$00000004          0x080001a6   Section        0  libinit2.o(.ARM.Collect$$libinit$$00000004)
    .ARM.Collect$$libinit$$0000000A          0x080001a6   Section        0  libinit2.o(.ARM.Collect$$libinit$$0000000A)
    .ARM.Collect$$libinit$$0000000C          0x080001a6   Section        0  libinit2.o(.ARM.Collect$$libinit$$0000000C)
    .ARM.Collect$$libinit$$0000000E          0x080001a6   Section        0  libinit2.o(.ARM.Collect$$libinit$$0000000E)
    .ARM.Collect$$libinit$$00000011          0x080001a6   Section        0  libinit2.o(.ARM.Collect$$libinit$$00000011)
    .ARM.Collect$$libinit$$00000013          0x080001a6   Section        0  libinit2.o(.ARM.Collect$$libinit$$00000013)
    .ARM.Collect$$libinit$$00000015          0x080001a6   Section        0  libinit2.o(.ARM.Collect$$libinit$$00000015)
    .ARM.Collect$$libinit$$00000017          0x080001a6   Section        0  libinit2.o(.ARM.Collect$$libinit$$00000017)
    .ARM.Collect$$libinit$$00000019          0x080001a6   Section        0  libinit2.o(.ARM.Collect$$libinit$$00000019)
    .ARM.Collect$$libinit$$0000001B          0x080001a6   Section        0  libinit2.o(.ARM.Collect$$libinit$$0000001B)
    .ARM.Collect$$libinit$$0000001D          0x080001a6   Section        0  libinit2.o(.ARM.Collect$$libinit$$0000001D)
    .ARM.Collect$$libinit$$0000001F          0x080001a6   Section        0  libinit2.o(.ARM.Collect$$libinit$$0000001F)
    .ARM.Collect$$libinit$$00000021          0x080001a6   Section        0  libinit2.o(.ARM.Collect$$libinit$$00000021)
    .ARM.Collect$$libinit$$00000023          0x080001a6   Section        0  libinit2.o(.ARM.Collect$$libinit$$00000023)
    .ARM.Collect$$libinit$$00000025          0x080001a6   Section        0  libinit2.o(.ARM.Collect$$libinit$$00000025)
    .ARM.Collect$$libinit$$0000002C          0x080001a6   Section        0  libinit2.o(.ARM.Collect$$libinit$$0000002C)
    .ARM.Collect$$libinit$$0000002E          0x080001a6   Section        0  libinit2.o(.ARM.Collect$$libinit$$0000002E)
    .ARM.Collect$$libinit$$00000030          0x080001a6   Section        0  libinit2.o(.ARM.Collect$$libinit$$00000030)
    .ARM.Collect$$libinit$$00000032          0x080001a6   Section        0  libinit2.o(.ARM.Collect$$libinit$$00000032)
    .ARM.Collect$$libinit$$00000033          0x080001a6   Section        2  libinit2.o(.ARM.Collect$$libinit$$00000033)
    .ARM.Collect$$libshutdown$$00000000      0x080001a8   Section        2  libshutdown.o(.ARM.Collect$$libshutdown$$00000000)
    .ARM.Collect$$libshutdown$$00000003      0x080001aa   Section        0  libshutdown2.o(.ARM.Collect$$libshutdown$$00000003)
    .ARM.Collect$$libshutdown$$00000006      0x080001aa   Section        0  libshutdown2.o(.ARM.Collect$$libshutdown$$00000006)
    .ARM.Collect$$libshutdown$$00000009      0x080001aa   Section        0  libshutdown2.o(.ARM.Collect$$libshutdown$$00000009)
    .ARM.Collect$$libshutdown$$0000000B      0x080001aa   Section        0  libshutdown2.o(.ARM.Collect$$libshutdown$$0000000B)
    .ARM.Collect$$libshutdown$$0000000E      0x080001aa   Section        0  libshutdown2.o(.ARM.Collect$$libshutdown$$0000000E)
    .ARM.Collect$$libshutdown$$0000000F      0x080001aa   Section        2  libshutdown2.o(.ARM.Collect$$libshutdown$$0000000F)
    .ARM.Collect$$rtentry$$00000000          0x080001ac   Section        0  __rtentry.o(.ARM.Collect$$rtentry$$00000000)
    .ARM.Collect$$rtentry$$00000002          0x080001ac   Section        0  __rtentry2.o(.ARM.Collect$$rtentry$$00000002)
    .ARM.Collect$$rtentry$$00000004          0x080001ac   Section        6  __rtentry4.o(.ARM.Collect$$rtentry$$00000004)
    .ARM.Collect$$rtentry$$00000009          0x080001b2   Section        0  __rtentry2.o(.ARM.Collect$$rtentry$$00000009)
    .ARM.Collect$$rtentry$$0000000A          0x080001b2   Section        4  __rtentry2.o(.ARM.Collect$$rtentry$$0000000A)
    .ARM.Collect$$rtentry$$0000000C          0x080001b6   Section        0  __rtentry2.o(.ARM.Collect$$rtentry$$0000000C)
    .ARM.Collect$$rtentry$$0000000D          0x080001b6   Section        8  __rtentry2.o(.ARM.Collect$$rtentry$$0000000D)
    .ARM.Collect$$rtexit$$00000000           0x080001be   Section        2  rtexit.o(.ARM.Collect$$rtexit$$00000000)
    .ARM.Collect$$rtexit$$00000002           0x080001c0   Section        0  rtexit2.o(.ARM.Collect$$rtexit$$00000002)
    .ARM.Collect$$rtexit$$00000003           0x080001c0   Section        4  rtexit2.o(.ARM.Collect$$rtexit$$00000003)
    .ARM.Collect$$rtexit$$00000004           0x080001c4   Section        6  rtexit2.o(.ARM.Collect$$rtexit$$00000004)
    .text                                    0x080001cc   Section       64  startup_stm32f103xe.o(.text)
    .text                                    0x0800020c   Section       78  rt_memclr_w.o(.text)
    .text                                    0x0800025a   Section        0  heapauxi.o(.text)
    .text                                    0x08000260   Section       74  sys_stackheap_outer.o(.text)
    .text                                    0x080002aa   Section        0  exit.o(.text)
    .text                                    0x080002b8   Section        8  libspace.o(.text)
    .text                                    0x080002c0   Section        0  sys_exit.o(.text)
    .text                                    0x080002cc   Section        2  use_no_semi.o(.text)
    .text                                    0x080002ce   Section        0  indicate_semi.o(.text)
    i.BusFault_Handler                       0x080002ce   Section        0  stm32f1xx_it.o(i.BusFault_Handler)
    i.DebugMon_Handler                       0x080002d0   Section        0  stm32f1xx_it.o(i.DebugMon_Handler)
    i.EXTI0_IRQHandler                       0x080002d4   Section        0  stm32f1xx_it.o(i.EXTI0_IRQHandler)
    i.EXTI2_IRQHandler                       0x0800030c   Section        0  stm32f1xx_it.o(i.EXTI2_IRQHandler)
    i.EXTI3_IRQHandler                       0x08000344   Section        0  stm32f1xx_it.o(i.EXTI3_IRQHandler)
    i.EXTI4_IRQHandler                       0x0800037c   Section        0  stm32f1xx_it.o(i.EXTI4_IRQHandler)
    i.HardFault_Handler                      0x080003b4   Section        0  stm32f1xx_it.o(i.HardFault_Handler)
    i.LL_APB2_GRP1_EnableClock               0x080003b8   Section        0  gpio.o(i.LL_APB2_GRP1_EnableClock)
    LL_APB2_GRP1_EnableClock                 0x080003b9   Thumb Code    18  gpio.o(i.LL_APB2_GRP1_EnableClock)
    i.LL_EXTI_Init                           0x080003d0   Section        0  stm32f1xx_ll_exti.o(i.LL_EXTI_Init)
    i.LL_EXTI_IsActiveFlag_0_31              0x08000470   Section        0  stm32f1xx_it.o(i.LL_EXTI_IsActiveFlag_0_31)
    LL_EXTI_IsActiveFlag_0_31                0x08000471   Thumb Code    16  stm32f1xx_it.o(i.LL_EXTI_IsActiveFlag_0_31)
    i.LL_GPIO_AF_SetEXTISource               0x08000484   Section        0  gpio.o(i.LL_GPIO_AF_SetEXTISource)
    LL_GPIO_AF_SetEXTISource                 0x08000485   Thumb Code    32  gpio.o(i.LL_GPIO_AF_SetEXTISource)
    i.LL_GPIO_Init                           0x080004a8   Section        0  stm32f1xx_ll_gpio.o(i.LL_GPIO_Init)
    i.LL_GPIO_SetPinMode                     0x08000598   Section        0  gpio.o(i.LL_GPIO_SetPinMode)
    LL_GPIO_SetPinMode                       0x08000599   Thumb Code    42  gpio.o(i.LL_GPIO_SetPinMode)
    i.LL_GPIO_SetPinPull                     0x080005c2   Section        0  gpio.o(i.LL_GPIO_SetPinPull)
    LL_GPIO_SetPinPull                       0x080005c3   Thumb Code    24  gpio.o(i.LL_GPIO_SetPinPull)
    i.LL_GPIO_TogglePin                      0x080005da   Section        0  stm32f1xx_it.o(i.LL_GPIO_TogglePin)
    LL_GPIO_TogglePin                        0x080005db   Thumb Code    20  stm32f1xx_it.o(i.LL_GPIO_TogglePin)
    i.LL_Init1msTick                         0x080005ee   Section        0  stm32f1xx_ll_utils.o(i.LL_Init1msTick)
    i.LL_SetSystemCoreClock                  0x08000608   Section        0  stm32f1xx_ll_utils.o(i.LL_SetSystemCoreClock)
    i.LL_TIM_Init                            0x08000614   Section        0  stm32f1xx_ll_tim.o(i.LL_TIM_Init)
    i.MX_GPIO_Init                           0x080006a0   Section        0  gpio.o(i.MX_GPIO_Init)
    i.MX_TIM6_Init                           0x0800085c   Section        0  tim.o(i.MX_TIM6_Init)
    i.MemManage_Handler                      0x08000900   Section        0  stm32f1xx_it.o(i.MemManage_Handler)
    i.NMI_Handler                            0x08000902   Section        0  stm32f1xx_it.o(i.NMI_Handler)
    i.NVIC_EncodePriority                    0x08000904   Section        0  gpio.o(i.NVIC_EncodePriority)
    NVIC_EncodePriority                      0x08000905   Thumb Code    50  gpio.o(i.NVIC_EncodePriority)
    i.PendSV_Handler                         0x08000936   Section        0  stm32f1xx_it.o(i.PendSV_Handler)
    i.SVC_Handler                            0x08000938   Section        0  stm32f1xx_it.o(i.SVC_Handler)
    i.SysTick_Handler                        0x0800093a   Section        0  stm32f1xx_it.o(i.SysTick_Handler)
    i.SystemClock_Config                     0x0800093c   Section        0  main.o(i.SystemClock_Config)
    i.SystemInit                             0x080009d8   Section        0  system_stm32f1xx.o(i.SystemInit)
    i.TIM6_IRQHandler                        0x080009dc   Section        0  stm32f1xx_it.o(i.TIM6_IRQHandler)
    i.UsageFault_Handler                     0x08000a14   Section        0  stm32f1xx_it.o(i.UsageFault_Handler)
    i.__NVIC_EnableIRQ                       0x08000a16   Section        0  gpio.o(i.__NVIC_EnableIRQ)
    __NVIC_EnableIRQ                         0x08000a17   Thumb Code    26  gpio.o(i.__NVIC_EnableIRQ)
    i.__NVIC_GetPriorityGrouping             0x08000a30   Section        0  gpio.o(i.__NVIC_GetPriorityGrouping)
    __NVIC_GetPriorityGrouping               0x08000a31   Thumb Code    10  gpio.o(i.__NVIC_GetPriorityGrouping)
    i.__NVIC_SetPriority                     0x08000a40   Section        0  gpio.o(i.__NVIC_SetPriority)
    __NVIC_SetPriority                       0x08000a41   Thumb Code    32  gpio.o(i.__NVIC_SetPriority)
    i.main                                   0x08000a60   Section        0  main.o(i.main)
    .data                                    0x20000000   Section        4  system_stm32f1xx.o(.data)
    .bss                                     0x20000004   Section       96  libspace.o(.bss)
    HEAP                                     0x20000068   Section      512  startup_stm32f103xe.o(HEAP)
    Heap_Mem                                 0x20000068   Data         512  startup_stm32f103xe.o(HEAP)
    STACK                                    0x20000268   Section     1024  startup_stm32f103xe.o(STACK)
    Stack_Mem                                0x20000268   Data        1024  startup_stm32f103xe.o(STACK)
    __initial_sp                             0x20000668   Data           0  startup_stm32f103xe.o(STACK)

    Global Symbols

    Symbol Name                              Value     Ov Type        Size  Object(Section)

    BuildAttributes$$THM_ISAv4$P$D$K$B$S$PE$A:L22UL41UL21$X:L11$S22US41US21$IEEE1$IW$USESV6$~STKCKD$USESV7$~SHL$OSPACE$ROPI$EBA8$UX$STANDARDLIB$REQ8$PRES8$EABIv2 0x00000000   Number         0  anon$$obj.o ABSOLUTE
    __ARM_use_no_argv                        0x00000000   Number         0  main.o ABSOLUTE
    __ARM_exceptions_init                     - Undefined Weak Reference
    __alloca_initialize                       - Undefined Weak Reference
    __arm_preinit_                            - Undefined Weak Reference
    __cpp_initialize__aeabi_                  - Undefined Weak Reference
    __cxa_finalize                            - Undefined Weak Reference
    __rt_locale                               - Undefined Weak Reference
    __sigvec_lookup                           - Undefined Weak Reference
    _atexit_init                              - Undefined Weak Reference
    _call_atexit_fns                          - Undefined Weak Reference
    _clock_init                               - Undefined Weak Reference
    _fp_trap_init                             - Undefined Weak Reference
    _fp_trap_shutdown                         - Undefined Weak Reference
    _get_lc_collate                           - Undefined Weak Reference
    _get_lc_ctype                             - Undefined Weak Reference
    _get_lc_monetary                          - Undefined Weak Reference
    _get_lc_numeric                           - Undefined Weak Reference
    _get_lc_time                              - Undefined Weak Reference
    _getenv_init                              - Undefined Weak Reference
    _handle_redirection                       - Undefined Weak Reference
    _init_alloc                               - Undefined Weak Reference
    _init_user_alloc                          - Undefined Weak Reference
    _initio                                   - Undefined Weak Reference
    _rand_init                                - Undefined Weak Reference
    _signal_finish                            - Undefined Weak Reference
    _signal_init                              - Undefined Weak Reference
    _terminate_alloc                          - Undefined Weak Reference
    _terminate_user_alloc                     - Undefined Weak Reference
    _terminateio                              - Undefined Weak Reference
    __Vectors_Size                           0x00000130   Number         0  startup_stm32f103xe.o ABSOLUTE
    __Vectors                                0x08000000   Data           4  startup_stm32f103xe.o(RESET)
    __Vectors_End                            0x08000130   Data           0  startup_stm32f103xe.o(RESET)
    __main                                   0x08000131   Thumb Code     8  __main.o(!!!main)
    __scatterload                            0x08000139   Thumb Code     0  __scatter.o(!!!scatter)
    __scatterload_rt2                        0x08000139   Thumb Code    44  __scatter.o(!!!scatter)
    __scatterload_rt2_thumb_only             0x08000139   Thumb Code     0  __scatter.o(!!!scatter)
    __scatterload_null                       0x08000147   Thumb Code     0  __scatter.o(!!!scatter)
    __scatterload_copy                       0x0800016d   Thumb Code    26  __scatter_copy.o(!!handler_copy)
    __scatterload_zeroinit                   0x08000189   Thumb Code    28  __scatter_zi.o(!!handler_zi)
    __rt_lib_init                            0x080001a5   Thumb Code     0  libinit.o(.ARM.Collect$$libinit$$00000000)
    __rt_lib_init_alloca_1                   0x080001a7   Thumb Code     0  libinit2.o(.ARM.Collect$$libinit$$0000002E)
    __rt_lib_init_argv_1                     0x080001a7   Thumb Code     0  libinit2.o(.ARM.Collect$$libinit$$0000002C)
    __rt_lib_init_atexit_1                   0x080001a7   Thumb Code     0  libinit2.o(.ARM.Collect$$libinit$$0000001B)
    __rt_lib_init_clock_1                    0x080001a7   Thumb Code     0  libinit2.o(.ARM.Collect$$libinit$$00000021)
    __rt_lib_init_cpp_1                      0x080001a7   Thumb Code     0  libinit2.o(.ARM.Collect$$libinit$$00000032)
    __rt_lib_init_exceptions_1               0x080001a7   Thumb Code     0  libinit2.o(.ARM.Collect$$libinit$$00000030)
    __rt_lib_init_fp_1                       0x080001a7   Thumb Code     0  libinit2.o(.ARM.Collect$$libinit$$00000002)
    __rt_lib_init_fp_trap_1                  0x080001a7   Thumb Code     0  libinit2.o(.ARM.Collect$$libinit$$0000001F)
    __rt_lib_init_getenv_1                   0x080001a7   Thumb Code     0  libinit2.o(.ARM.Collect$$libinit$$00000023)
    __rt_lib_init_heap_1                     0x080001a7   Thumb Code     0  libinit2.o(.ARM.Collect$$libinit$$0000000A)
    __rt_lib_init_lc_collate_1               0x080001a7   Thumb Code     0  libinit2.o(.ARM.Collect$$libinit$$00000011)
    __rt_lib_init_lc_ctype_1                 0x080001a7   Thumb Code     0  libinit2.o(.ARM.Collect$$libinit$$00000013)
    __rt_lib_init_lc_monetary_1              0x080001a7   Thumb Code     0  libinit2.o(.ARM.Collect$$libinit$$00000015)
    __rt_lib_init_lc_numeric_1               0x080001a7   Thumb Code     0  libinit2.o(.ARM.Collect$$libinit$$00000017)
    __rt_lib_init_lc_time_1                  0x080001a7   Thumb Code     0  libinit2.o(.ARM.Collect$$libinit$$00000019)
    __rt_lib_init_preinit_1                  0x080001a7   Thumb Code     0  libinit2.o(.ARM.Collect$$libinit$$00000004)
    __rt_lib_init_rand_1                     0x080001a7   Thumb Code     0  libinit2.o(.ARM.Collect$$libinit$$0000000E)
    __rt_lib_init_return                     0x080001a7   Thumb Code     0  libinit2.o(.ARM.Collect$$libinit$$00000033)
    __rt_lib_init_signal_1                   0x080001a7   Thumb Code     0  libinit2.o(.ARM.Collect$$libinit$$0000001D)
    __rt_lib_init_stdio_1                    0x080001a7   Thumb Code     0  libinit2.o(.ARM.Collect$$libinit$$00000025)
    __rt_lib_init_user_alloc_1               0x080001a7   Thumb Code     0  libinit2.o(.ARM.Collect$$libinit$$0000000C)
    __rt_lib_shutdown                        0x080001a9   Thumb Code     0  libshutdown.o(.ARM.Collect$$libshutdown$$00000000)
    __rt_lib_shutdown_fp_trap_1              0x080001ab   Thumb Code     0  libshutdown2.o(.ARM.Collect$$libshutdown$$00000006)
    __rt_lib_shutdown_heap_1                 0x080001ab   Thumb Code     0  libshutdown2.o(.ARM.Collect$$libshutdown$$0000000E)
    __rt_lib_shutdown_return                 0x080001ab   Thumb Code     0  libshutdown2.o(.ARM.Collect$$libshutdown$$0000000F)
    __rt_lib_shutdown_signal_1               0x080001ab   Thumb Code     0  libshutdown2.o(.ARM.Collect$$libshutdown$$00000009)
    __rt_lib_shutdown_stdio_1                0x080001ab   Thumb Code     0  libshutdown2.o(.ARM.Collect$$libshutdown$$00000003)
    __rt_lib_shutdown_user_alloc_1           0x080001ab   Thumb Code     0  libshutdown2.o(.ARM.Collect$$libshutdown$$0000000B)
    __rt_entry                               0x080001ad   Thumb Code     0  __rtentry.o(.ARM.Collect$$rtentry$$00000000)
    __rt_entry_presh_1                       0x080001ad   Thumb Code     0  __rtentry2.o(.ARM.Collect$$rtentry$$00000002)
    __rt_entry_sh                            0x080001ad   Thumb Code     0  __rtentry4.o(.ARM.Collect$$rtentry$$00000004)
    __rt_entry_li                            0x080001b3   Thumb Code     0  __rtentry2.o(.ARM.Collect$$rtentry$$0000000A)
    __rt_entry_postsh_1                      0x080001b3   Thumb Code     0  __rtentry2.o(.ARM.Collect$$rtentry$$00000009)
    __rt_entry_main                          0x080001b7   Thumb Code     0  __rtentry2.o(.ARM.Collect$$rtentry$$0000000D)
    __rt_entry_postli_1                      0x080001b7   Thumb Code     0  __rtentry2.o(.ARM.Collect$$rtentry$$0000000C)
    __rt_exit                                0x080001bf   Thumb Code     0  rtexit.o(.ARM.Collect$$rtexit$$00000000)
    __rt_exit_ls                             0x080001c1   Thumb Code     0  rtexit2.o(.ARM.Collect$$rtexit$$00000003)
    __rt_exit_prels_1                        0x080001c1   Thumb Code     0  rtexit2.o(.ARM.Collect$$rtexit$$00000002)
    __rt_exit_exit                           0x080001c5   Thumb Code     0  rtexit2.o(.ARM.Collect$$rtexit$$00000004)
    Reset_Handler                            0x080001cd   Thumb Code     8  startup_stm32f103xe.o(.text)
    ADC1_2_IRQHandler                        0x080001e7   Thumb Code     0  startup_stm32f103xe.o(.text)
    ADC3_IRQHandler                          0x080001e7   Thumb Code     0  startup_stm32f103xe.o(.text)
    CAN1_RX1_IRQHandler                      0x080001e7   Thumb Code     0  startup_stm32f103xe.o(.text)
    CAN1_SCE_IRQHandler                      0x080001e7   Thumb Code     0  startup_stm32f103xe.o(.text)
    DMA1_Channel1_IRQHandler                 0x080001e7   Thumb Code     0  startup_stm32f103xe.o(.text)
    DMA1_Channel2_IRQHandler                 0x080001e7   Thumb Code     0  startup_stm32f103xe.o(.text)
    DMA1_Channel3_IRQHandler                 0x080001e7   Thumb Code     0  startup_stm32f103xe.o(.text)
    DMA1_Channel4_IRQHandler                 0x080001e7   Thumb Code     0  startup_stm32f103xe.o(.text)
    DMA1_Channel5_IRQHandler                 0x080001e7   Thumb Code     0  startup_stm32f103xe.o(.text)
    DMA1_Channel6_IRQHandler                 0x080001e7   Thumb Code     0  startup_stm32f103xe.o(.text)
    DMA1_Channel7_IRQHandler                 0x080001e7   Thumb Code     0  startup_stm32f103xe.o(.text)
    DMA2_Channel1_IRQHandler                 0x080001e7   Thumb Code     0  startup_stm32f103xe.o(.text)
    DMA2_Channel2_IRQHandler                 0x080001e7   Thumb Code     0  startup_stm32f103xe.o(.text)
    DMA2_Channel3_IRQHandler                 0x080001e7   Thumb Code     0  startup_stm32f103xe.o(.text)
    DMA2_Channel4_5_IRQHandler               0x080001e7   Thumb Code     0  startup_stm32f103xe.o(.text)
    EXTI15_10_IRQHandler                     0x080001e7   Thumb Code     0  startup_stm32f103xe.o(.text)
    EXTI1_IRQHandler                         0x080001e7   Thumb Code     0  startup_stm32f103xe.o(.text)
    EXTI9_5_IRQHandler                       0x080001e7   Thumb Code     0  startup_stm32f103xe.o(.text)
    FLASH_IRQHandler                         0x080001e7   Thumb Code     0  startup_stm32f103xe.o(.text)
    FSMC_IRQHandler                          0x080001e7   Thumb Code     0  startup_stm32f103xe.o(.text)
    I2C1_ER_IRQHandler                       0x080001e7   Thumb Code     0  startup_stm32f103xe.o(.text)
    I2C1_EV_IRQHandler                       0x080001e7   Thumb Code     0  startup_stm32f103xe.o(.text)
    I2C2_ER_IRQHandler                       0x080001e7   Thumb Code     0  startup_stm32f103xe.o(.text)
    I2C2_EV_IRQHandler                       0x080001e7   Thumb Code     0  startup_stm32f103xe.o(.text)
    PVD_IRQHandler                           0x080001e7   Thumb Code     0  startup_stm32f103xe.o(.text)
    RCC_IRQHandler                           0x080001e7   Thumb Code     0  startup_stm32f103xe.o(.text)
    RTC_Alarm_IRQHandler                     0x080001e7   Thumb Code     0  startup_stm32f103xe.o(.text)
    RTC_IRQHandler                           0x080001e7   Thumb Code     0  startup_stm32f103xe.o(.text)
    SDIO_IRQHandler                          0x080001e7   Thumb Code     0  startup_stm32f103xe.o(.text)
    SPI1_IRQHandler                          0x080001e7   Thumb Code     0  startup_stm32f103xe.o(.text)
    SPI2_IRQHandler                          0x080001e7   Thumb Code     0  startup_stm32f103xe.o(.text)
    SPI3_IRQHandler                          0x080001e7   Thumb Code     0  startup_stm32f103xe.o(.text)
    TAMPER_IRQHandler                        0x080001e7   Thumb Code     0  startup_stm32f103xe.o(.text)
    TIM1_BRK_IRQHandler                      0x080001e7   Thumb Code     0  startup_stm32f103xe.o(.text)
    TIM1_CC_IRQHandler                       0x080001e7   Thumb Code     0  startup_stm32f103xe.o(.text)
    TIM1_TRG_COM_IRQHandler                  0x080001e7   Thumb Code     0  startup_stm32f103xe.o(.text)
    TIM1_UP_IRQHandler                       0x080001e7   Thumb Code     0  startup_stm32f103xe.o(.text)
    TIM2_IRQHandler                          0x080001e7   Thumb Code     0  startup_stm32f103xe.o(.text)
    TIM3_IRQHandler                          0x080001e7   Thumb Code     0  startup_stm32f103xe.o(.text)
    TIM4_IRQHandler                          0x080001e7   Thumb Code     0  startup_stm32f103xe.o(.text)
    TIM5_IRQHandler                          0x080001e7   Thumb Code     0  startup_stm32f103xe.o(.text)
    TIM7_IRQHandler                          0x080001e7   Thumb Code     0  startup_stm32f103xe.o(.text)
    TIM8_BRK_IRQHandler                      0x080001e7   Thumb Code     0  startup_stm32f103xe.o(.text)
    TIM8_CC_IRQHandler                       0x080001e7   Thumb Code     0  startup_stm32f103xe.o(.text)
    TIM8_TRG_COM_IRQHandler                  0x080001e7   Thumb Code     0  startup_stm32f103xe.o(.text)
    TIM8_UP_IRQHandler                       0x080001e7   Thumb Code     0  startup_stm32f103xe.o(.text)
    UART4_IRQHandler                         0x080001e7   Thumb Code     0  startup_stm32f103xe.o(.text)
    UART5_IRQHandler                         0x080001e7   Thumb Code     0  startup_stm32f103xe.o(.text)
    USART1_IRQHandler                        0x080001e7   Thumb Code     0  startup_stm32f103xe.o(.text)
    USART2_IRQHandler                        0x080001e7   Thumb Code     0  startup_stm32f103xe.o(.text)
    USART3_IRQHandler                        0x080001e7   Thumb Code     0  startup_stm32f103xe.o(.text)
    USBWakeUp_IRQHandler                     0x080001e7   Thumb Code     0  startup_stm32f103xe.o(.text)
    USB_HP_CAN1_TX_IRQHandler                0x080001e7   Thumb Code     0  startup_stm32f103xe.o(.text)
    USB_LP_CAN1_RX0_IRQHandler               0x080001e7   Thumb Code     0  startup_stm32f103xe.o(.text)
    WWDG_IRQHandler                          0x080001e7   Thumb Code     0  startup_stm32f103xe.o(.text)
    __user_initial_stackheap                 0x080001e9   Thumb Code     0  startup_stm32f103xe.o(.text)
    __aeabi_memclr4                          0x0800020d   Thumb Code     0  rt_memclr_w.o(.text)
    __aeabi_memclr8                          0x0800020d   Thumb Code     0  rt_memclr_w.o(.text)
    __rt_memclr_w                            0x0800020d   Thumb Code    78  rt_memclr_w.o(.text)
    _memset_w                                0x08000211   Thumb Code     0  rt_memclr_w.o(.text)
    __use_two_region_memory                  0x0800025b   Thumb Code     2  heapauxi.o(.text)
    __rt_heap_escrow$2region                 0x0800025d   Thumb Code     2  heapauxi.o(.text)
    __rt_heap_expand$2region                 0x0800025f   Thumb Code     2  heapauxi.o(.text)
    __user_setup_stackheap                   0x08000261   Thumb Code    74  sys_stackheap_outer.o(.text)
    exit                                     0x080002ab   Thumb Code    12  exit.o(.text)
    __user_libspace                          0x080002b9   Thumb Code     8  libspace.o(.text)
    __user_perproc_libspace                  0x080002b9   Thumb Code     0  libspace.o(.text)
    __user_perthread_libspace                0x080002b9   Thumb Code     0  libspace.o(.text)
    _sys_exit                                0x080002c1   Thumb Code     8  sys_exit.o(.text)
    __I$use$semihosting                      0x080002cd   Thumb Code     0  use_no_semi.o(.text)
    __use_no_semihosting_swi                 0x080002cd   Thumb Code     2  use_no_semi.o(.text)
    BusFault_Handler                         0x080002cf   Thumb Code     2  stm32f1xx_it.o(i.BusFault_Handler)
    __semihosting_library_function           0x080002cf   Thumb Code     0  indicate_semi.o(.text)
    DebugMon_Handler                         0x080002d1   Thumb Code     2  stm32f1xx_it.o(i.DebugMon_Handler)
    EXTI0_IRQHandler                         0x080002d5   Thumb Code    44  stm32f1xx_it.o(i.EXTI0_IRQHandler)
    EXTI2_IRQHandler                         0x0800030d   Thumb Code    44  stm32f1xx_it.o(i.EXTI2_IRQHandler)
    EXTI3_IRQHandler                         0x08000345   Thumb Code    44  stm32f1xx_it.o(i.EXTI3_IRQHandler)
    EXTI4_IRQHandler                         0x0800037d   Thumb Code    44  stm32f1xx_it.o(i.EXTI4_IRQHandler)
    HardFault_Handler                        0x080003b5   Thumb Code     2  stm32f1xx_it.o(i.HardFault_Handler)
    LL_EXTI_Init                             0x080003d1   Thumb Code   156  stm32f1xx_ll_exti.o(i.LL_EXTI_Init)
    LL_GPIO_Init                             0x080004a9   Thumb Code   240  stm32f1xx_ll_gpio.o(i.LL_GPIO_Init)
    LL_Init1msTick                           0x080005ef   Thumb Code    26  stm32f1xx_ll_utils.o(i.LL_Init1msTick)
    LL_SetSystemCoreClock                    0x08000609   Thumb Code     6  stm32f1xx_ll_utils.o(i.LL_SetSystemCoreClock)
    LL_TIM_Init                              0x08000615   Thumb Code   120  stm32f1xx_ll_tim.o(i.LL_TIM_Init)
    MX_GPIO_Init                             0x080006a1   Thumb Code   428  gpio.o(i.MX_GPIO_Init)
    MX_TIM6_Init                             0x0800085d   Thumb Code   146  tim.o(i.MX_TIM6_Init)
    MemManage_Handler                        0x08000901   Thumb Code     2  stm32f1xx_it.o(i.MemManage_Handler)
    NMI_Handler                              0x08000903   Thumb Code     2  stm32f1xx_it.o(i.NMI_Handler)
    PendSV_Handler                           0x08000937   Thumb Code     2  stm32f1xx_it.o(i.PendSV_Handler)
    SVC_Handler                              0x08000939   Thumb Code     2  stm32f1xx_it.o(i.SVC_Handler)
    SysTick_Handler                          0x0800093b   Thumb Code     2  stm32f1xx_it.o(i.SysTick_Handler)
    SystemClock_Config                       0x0800093d   Thumb Code   144  main.o(i.SystemClock_Config)
    SystemInit                               0x080009d9   Thumb Code     2  system_stm32f1xx.o(i.SystemInit)
    TIM6_IRQHandler                          0x080009dd   Thumb Code    44  stm32f1xx_it.o(i.TIM6_IRQHandler)
    UsageFault_Handler                       0x08000a15   Thumb Code     2  stm32f1xx_it.o(i.UsageFault_Handler)
    main                                     0x08000a61   Thumb Code   128  main.o(i.main)
    Region$$Table$$Base                      0x08000af4   Number         0  anon$$obj.o(Region$$Table)
    Region$$Table$$Limit                     0x08000b14   Number         0  anon$$obj.o(Region$$Table)
    SystemCoreClock                          0x20000000   Data           4  system_stm32f1xx.o(.data)
    __libspace_start                         0x20000004   Data          96  libspace.o(.bss)
    __temporary_stack_top$libspace           0x20000064   Data           0  libspace.o(.bss)



==============================================================================

Memory Map of the image

  Image Entry point : 0x08000131

  Load Region LR_IROM1 (Base: 0x08000000, Size: 0x00000b18, Max: 0x00080000, ABSOLUTE)

    Execution Region ER_IROM1 (Base: 0x08000000, Size: 0x00000b14, Max: 0x00080000, ABSOLUTE)

    Base Addr    Size         Type   Attr      Idx    E Section Name        Object

    0x08000000   0x00000130   Data   RO            3    RESET               startup_stm32f103xe.o
    0x08000130   0x00000008   Code   RO          827  * !!!main             c_w.l(__main.o)
    0x08000138   0x00000034   Code   RO          983    !!!scatter          c_w.l(__scatter.o)
    0x0800016c   0x0000001a   Code   RO          985    !!handler_copy      c_w.l(__scatter_copy.o)
    0x08000186   0x00000002   PAD
    0x08000188   0x0000001c   Code   RO          987    !!handler_zi        c_w.l(__scatter_zi.o)
    0x080001a4   0x00000002   Code   RO          854    .ARM.Collect$$libinit$$00000000  c_w.l(libinit.o)
    0x080001a6   0x00000000   Code   RO          861    .ARM.Collect$$libinit$$00000002  c_w.l(libinit2.o)
    0x080001a6   0x00000000   Code   RO          863    .ARM.Collect$$libinit$$00000004  c_w.l(libinit2.o)
    0x080001a6   0x00000000   Code   RO          866    .ARM.Collect$$libinit$$0000000A  c_w.l(libinit2.o)
    0x080001a6   0x00000000   Code   RO          868    .ARM.Collect$$libinit$$0000000C  c_w.l(libinit2.o)
    0x080001a6   0x00000000   Code   RO          870    .ARM.Collect$$libinit$$0000000E  c_w.l(libinit2.o)
    0x080001a6   0x00000000   Code   RO          873    .ARM.Collect$$libinit$$00000011  c_w.l(libinit2.o)
    0x080001a6   0x00000000   Code   RO          875    .ARM.Collect$$libinit$$00000013  c_w.l(libinit2.o)
    0x080001a6   0x00000000   Code   RO          877    .ARM.Collect$$libinit$$00000015  c_w.l(libinit2.o)
    0x080001a6   0x00000000   Code   RO          879    .ARM.Collect$$libinit$$00000017  c_w.l(libinit2.o)
    0x080001a6   0x00000000   Code   RO          881    .ARM.Collect$$libinit$$00000019  c_w.l(libinit2.o)
    0x080001a6   0x00000000   Code   RO          883    .ARM.Collect$$libinit$$0000001B  c_w.l(libinit2.o)
    0x080001a6   0x00000000   Code   RO          885    .ARM.Collect$$libinit$$0000001D  c_w.l(libinit2.o)
    0x080001a6   0x00000000   Code   RO          887    .ARM.Collect$$libinit$$0000001F  c_w.l(libinit2.o)
    0x080001a6   0x00000000   Code   RO          889    .ARM.Collect$$libinit$$00000021  c_w.l(libinit2.o)
    0x080001a6   0x00000000   Code   RO          891    .ARM.Collect$$libinit$$00000023  c_w.l(libinit2.o)
    0x080001a6   0x00000000   Code   RO          893    .ARM.Collect$$libinit$$00000025  c_w.l(libinit2.o)
    0x080001a6   0x00000000   Code   RO          897    .ARM.Collect$$libinit$$0000002C  c_w.l(libinit2.o)
    0x080001a6   0x00000000   Code   RO          899    .ARM.Collect$$libinit$$0000002E  c_w.l(libinit2.o)
    0x080001a6   0x00000000   Code   RO          901    .ARM.Collect$$libinit$$00000030  c_w.l(libinit2.o)
    0x080001a6   0x00000000   Code   RO          903    .ARM.Collect$$libinit$$00000032  c_w.l(libinit2.o)
    0x080001a6   0x00000002   Code   RO          904    .ARM.Collect$$libinit$$00000033  c_w.l(libinit2.o)
    0x080001a8   0x00000002   Code   RO          924    .ARM.Collect$$libshutdown$$00000000  c_w.l(libshutdown.o)
    0x080001aa   0x00000000   Code   RO          938    .ARM.Collect$$libshutdown$$00000003  c_w.l(libshutdown2.o)
    0x080001aa   0x00000000   Code   RO          941    .ARM.Collect$$libshutdown$$00000006  c_w.l(libshutdown2.o)
    0x080001aa   0x00000000   Code   RO          944    .ARM.Collect$$libshutdown$$00000009  c_w.l(libshutdown2.o)
    0x080001aa   0x00000000   Code   RO          946    .ARM.Collect$$libshutdown$$0000000B  c_w.l(libshutdown2.o)
    0x080001aa   0x00000000   Code   RO          949    .ARM.Collect$$libshutdown$$0000000E  c_w.l(libshutdown2.o)
    0x080001aa   0x00000002   Code   RO          950    .ARM.Collect$$libshutdown$$0000000F  c_w.l(libshutdown2.o)
    0x080001ac   0x00000000   Code   RO          829    .ARM.Collect$$rtentry$$00000000  c_w.l(__rtentry.o)
    0x080001ac   0x00000000   Code   RO          831    .ARM.Collect$$rtentry$$00000002  c_w.l(__rtentry2.o)
    0x080001ac   0x00000006   Code   RO          843    .ARM.Collect$$rtentry$$00000004  c_w.l(__rtentry4.o)
    0x080001b2   0x00000000   Code   RO          833    .ARM.Collect$$rtentry$$00000009  c_w.l(__rtentry2.o)
    0x080001b2   0x00000004   Code   RO          834    .ARM.Collect$$rtentry$$0000000A  c_w.l(__rtentry2.o)
    0x080001b6   0x00000000   Code   RO          836    .ARM.Collect$$rtentry$$0000000C  c_w.l(__rtentry2.o)
    0x080001b6   0x00000008   Code   RO          837    .ARM.Collect$$rtentry$$0000000D  c_w.l(__rtentry2.o)
    0x080001be   0x00000002   Code   RO          858    .ARM.Collect$$rtexit$$00000000  c_w.l(rtexit.o)
    0x080001c0   0x00000000   Code   RO          906    .ARM.Collect$$rtexit$$00000002  c_w.l(rtexit2.o)
    0x080001c0   0x00000004   Code   RO          907    .ARM.Collect$$rtexit$$00000003  c_w.l(rtexit2.o)
    0x080001c4   0x00000006   Code   RO          908    .ARM.Collect$$rtexit$$00000004  c_w.l(rtexit2.o)
    0x080001ca   0x00000002   PAD
    0x080001cc   0x00000040   Code   RO            4    .text               startup_stm32f103xe.o
    0x0800020c   0x0000004e   Code   RO          823    .text               c_w.l(rt_memclr_w.o)
    0x0800025a   0x00000006   Code   RO          825    .text               c_w.l(heapauxi.o)
    0x08000260   0x0000004a   Code   RO          845    .text               c_w.l(sys_stackheap_outer.o)
    0x080002aa   0x0000000c   Code   RO          847    .text               c_w.l(exit.o)
    0x080002b6   0x00000002   PAD
    0x080002b8   0x00000008   Code   RO          855    .text               c_w.l(libspace.o)
    0x080002c0   0x0000000c   Code   RO          916    .text               c_w.l(sys_exit.o)
    0x080002cc   0x00000002   Code   RO          927    .text               c_w.l(use_no_semi.o)
    0x080002ce   0x00000000   Code   RO          929    .text               c_w.l(indicate_semi.o)
    0x080002ce   0x00000002   Code   RO          232    i.BusFault_Handler  stm32f1xx_it.o
    0x080002d0   0x00000002   Code   RO          233    i.DebugMon_Handler  stm32f1xx_it.o
    0x080002d2   0x00000002   PAD
    0x080002d4   0x00000038   Code   RO          234    i.EXTI0_IRQHandler  stm32f1xx_it.o
    0x0800030c   0x00000038   Code   RO          235    i.EXTI2_IRQHandler  stm32f1xx_it.o
    0x08000344   0x00000038   Code   RO          236    i.EXTI3_IRQHandler  stm32f1xx_it.o
    0x0800037c   0x00000038   Code   RO          237    i.EXTI4_IRQHandler  stm32f1xx_it.o
    0x080003b4   0x00000002   Code   RO          238    i.HardFault_Handler  stm32f1xx_it.o
    0x080003b6   0x00000002   PAD
    0x080003b8   0x00000018   Code   RO          115    i.LL_APB2_GRP1_EnableClock  gpio.o
    0x080003d0   0x000000a0   Code   RO          443    i.LL_EXTI_Init      stm32f1xx_ll_exti.o
    0x08000470   0x00000014   Code   RO          239    i.LL_EXTI_IsActiveFlag_0_31  stm32f1xx_it.o
    0x08000484   0x00000024   Code   RO          116    i.LL_GPIO_AF_SetEXTISource  gpio.o
    0x080004a8   0x000000f0   Code   RO          366    i.LL_GPIO_Init      stm32f1xx_ll_gpio.o
    0x08000598   0x0000002a   Code   RO          117    i.LL_GPIO_SetPinMode  gpio.o
    0x080005c2   0x00000018   Code   RO          118    i.LL_GPIO_SetPinPull  gpio.o
    0x080005da   0x00000014   Code   RO          240    i.LL_GPIO_TogglePin  stm32f1xx_it.o
    0x080005ee   0x0000001a   Code   RO          706    i.LL_Init1msTick    stm32f1xx_ll_utils.o
    0x08000608   0x0000000c   Code   RO          711    i.LL_SetSystemCoreClock  stm32f1xx_ll_utils.o
    0x08000614   0x0000008c   Code   RO          492    i.LL_TIM_Init       stm32f1xx_ll_tim.o
    0x080006a0   0x000001bc   Code   RO          119    i.MX_GPIO_Init      gpio.o
    0x0800085c   0x000000a4   Code   RO          195    i.MX_TIM6_Init      tim.o
    0x08000900   0x00000002   Code   RO          241    i.MemManage_Handler  stm32f1xx_it.o
    0x08000902   0x00000002   Code   RO          242    i.NMI_Handler       stm32f1xx_it.o
    0x08000904   0x00000032   Code   RO          120    i.NVIC_EncodePriority  gpio.o
    0x08000936   0x00000002   Code   RO          243    i.PendSV_Handler    stm32f1xx_it.o
    0x08000938   0x00000002   Code   RO          244    i.SVC_Handler       stm32f1xx_it.o
    0x0800093a   0x00000002   Code   RO          245    i.SysTick_Handler   stm32f1xx_it.o
    0x0800093c   0x0000009c   Code   RO           14    i.SystemClock_Config  main.o
    0x080009d8   0x00000002   Code   RO          787    i.SystemInit        system_stm32f1xx.o
    0x080009da   0x00000002   PAD
    0x080009dc   0x00000038   Code   RO          246    i.TIM6_IRQHandler   stm32f1xx_it.o
    0x08000a14   0x00000002   Code   RO          247    i.UsageFault_Handler  stm32f1xx_it.o
    0x08000a16   0x0000001a   Code   RO          121    i.__NVIC_EnableIRQ  gpio.o
    0x08000a30   0x00000010   Code   RO          122    i.__NVIC_GetPriorityGrouping  gpio.o
    0x08000a40   0x00000020   Code   RO          123    i.__NVIC_SetPriority  gpio.o
    0x08000a60   0x00000094   Code   RO           15    i.main              main.o
    0x08000af4   0x00000020   Data   RO          981    Region$$Table       anon$$obj.o


    Execution Region RW_IRAM1 (Base: 0x20000000, Size: 0x00000668, Max: 0x00010000, ABSOLUTE)

    Base Addr    Size         Type   Attr      Idx    E Section Name        Object

    0x20000000   0x00000004   Data   RW          790    .data               system_stm32f1xx.o
    0x20000004   0x00000060   Zero   RW          856    .bss                c_w.l(libspace.o)
    0x20000064   0x00000004   PAD
    0x20000068   0x00000200   Zero   RW            2    HEAP                startup_stm32f103xe.o
    0x20000268   0x00000400   Zero   RW            1    STACK               startup_stm32f103xe.o


==============================================================================

Image component sizes


      Code (inc. data)   RO Data    RW Data    ZI Data      Debug   Object Name

       694         32          0          0          0      41578   gpio.o
       304         32          0          0          0     449127   main.o
        64         26        304          0       1536        804   startup_stm32f103xe.o
       338         64          0          0          0      43464   stm32f1xx_it.o
       160          4          0          0          0       4647   stm32f1xx_ll_exti.o
       240          0          0          0          0      10963   stm32f1xx_ll_gpio.o
       140         20          0          0          0      29966   stm32f1xx_ll_tim.o
        38          6          0          0          0       5101   stm32f1xx_ll_utils.o
         2          0          0          4          0       1103   system_stm32f1xx.o
       164         18          0          0          0      53826   tim.o

    ----------------------------------------------------------------------
      2150        202        336          4       1536     640579   Object Totals
         0          0         32          0          0          0   (incl. Generated)
         6          0          0          0          0          0   (incl. Padding)

    ----------------------------------------------------------------------

      Code (inc. data)   RO Data    RW Data    ZI Data      Debug   Library Member Name

         8          0          0          0          0         68   __main.o
         0          0          0          0          0          0   __rtentry.o
        12          0          0          0          0          0   __rtentry2.o
         6          0          0          0          0          0   __rtentry4.o
        52          8          0          0          0          0   __scatter.o
        26          0          0          0          0          0   __scatter_copy.o
        28          0          0          0          0          0   __scatter_zi.o
        12          0          0          0          0         72   exit.o
         6          0          0          0          0        152   heapauxi.o
         0          0          0          0          0          0   indicate_semi.o
         2          0          0          0          0          0   libinit.o
         2          0          0          0          0          0   libinit2.o
         2          0          0          0          0          0   libshutdown.o
         2          0          0          0          0          0   libshutdown2.o
         8          4          0          0         96         68   libspace.o
        78          0          0          0          0         80   rt_memclr_w.o
         2          0          0          0          0          0   rtexit.o
        10          0          0          0          0          0   rtexit2.o
        12          4          0          0          0         68   sys_exit.o
        74          0          0          0          0         80   sys_stackheap_outer.o
         2          0          0          0          0         68   use_no_semi.o

    ----------------------------------------------------------------------
       350         16          0          0        100        656   Library Totals
         6          0          0          0          4          0   (incl. Padding)

    ----------------------------------------------------------------------

      Code (inc. data)   RO Data    RW Data    ZI Data      Debug   Library Name

       344         16          0          0         96        656   c_w.l

    ----------------------------------------------------------------------
       350         16          0          0        100        656   Library Totals

    ----------------------------------------------------------------------

==============================================================================


      Code (inc. data)   RO Data    RW Data    ZI Data      Debug   

      2500        218        336          4       1636     639411   Grand Totals
      2500        218        336          4       1636     639411   ELF Image Totals
      2500        218        336          4          0          0   ROM Totals

==============================================================================

    Total RO  Size (Code + RO Data)                 2836 (   2.77kB)
    Total RW  Size (RW Data + ZI Data)              1640 (   1.60kB)
    Total ROM Size (Code + RO Data + RW Data)       2840 (   2.77kB)

==============================================================================

